<html>
<body>
<pre>
<h1>µVision Build Log</h1>
<h2>Tool Versions:</h2>
IDE-Version: µVision V5.14.0.0
Copyright (C) 2015 ARM Ltd and ARM Germany GmbH. All rights reserved.
License Information: Tyler Holmes, University of Saint Thomas, LIC=V8556-DKRRP-PFWIX-H8F0P-3FT8P-IDIZI
 
Tool Versions:
Toolchain:       MDK-ARM Professional  Version: 5.14.0.0
Toolchain Path:  C:\Keil_v5\ARM\ARMCC\Bin
C Compiler:      Armcc.exe V5.05 update 1 (build 106)
Assembler:       Armasm.exe V5.05 update 1 (build 106)
Linker/Locator:  ArmLink.exe V5.05 update 1 (build 106)
Library Manager: ArmAr.exe V5.05 update 1 (build 106)
Hex Converter:   FromElf.exe V5.05 update 1 (build 106)
CPU DLL:         SARMCM3.DLL V5.14.0.0
Dialog DLL:      DLM.DLL V1.24.0.0
Target DLL:      UL2CM3.DLL V1.155.0.0
Dialog DLL:      DLM.DLL V1.24.0.0
 
<h2>Project:</h2>
C:\Users\Tyler\Desktop\Pixy_Fork\pixy\src\device\video\video.uvproj
Project File Date:  05/03/2015

<h2>Output:</h2>
Rebuild Project 'video' - Target 'Flash'
compiling main_m4.cpp...
compiling conncomp.cpp...
compiling exec.cpp...
compiling progblobs.cpp...
compiling progvideo.cpp...
C:\Users\Tyler\Desktop\Pixy_Fork\pixy\src\device\video\progvideo.cpp(97): warning:  #177-D: variable "xmt" was declared but never referenced
                                uint16_t xmt = x - 2;
C:\Users\Tyler\Desktop\Pixy_Fork\pixy\src\device\video\progvideo.cpp(88): warning:  #177-D: variable "ymt" was declared but never referenced
                        uint16_t ymt = y - 2;
C:\Users\Tyler\Desktop\Pixy_Fork\pixy\src\device\video\progvideo.cpp(250): warning:  #177-D: variable "yPos" was declared but never referenced
                                                float yPos;
C:\Users\Tyler\Desktop\Pixy_Fork\pixy\src\device\video\progvideo.cpp(245): warning:  #177-D: variable "xPos" was declared but never referenced
                                float xPos;
progvideo.cpp: 4 warnings, 0 errors
compiling progpt.cpp...
compiling button.cpp...
compiling blob.cpp...
compiling blobs.cpp...
compiling colorlut.cpp...
compiling qqueue.cpp...
compiling lpc43xx_i2c.c...
compiling i2c.cpp...
compiling serial.cpp...
compiling analogdig.cpp...
compiling spi.cpp...
compiling uart.cpp...
compiling progchase.cpp...
compiling calc.cpp...
compiling edgedetect.cpp...
C:\Users\Tyler\Desktop\Pixy_Fork\pixy\src\device\video\edgedetect.cpp(96): warning:  #177-D: variable "index" was declared but never referenced
                        uint8_t index = 0;
C:\Users\Tyler\Desktop\Pixy_Fork\pixy\src\device\video\edgedetect.cpp(68): warning:  #177-D: variable "sendPositionsTwo" was declared but never referenced
        uint8_t sendPositionsTwo[160];
C:\Users\Tyler\Desktop\Pixy_Fork\pixy\src\device\video\edgedetect.cpp(69): warning:  #177-D: variable "sendPositionsThree" was declared but never referenced
        uint8_t sendPositionsThree[160];
edgedetect.cpp: 3 warnings, 0 errors
compiling edgedetect_highres.cpp...
linking...
Program Size: Code=74676 RO-data=20792 RW-data=448 ZI-data=30768  
FromELF: creating hex file...
".\spifi\pixy_firmware.axf" - 0 Error(s), 7 Warning(s).
</pre>
</body>
</html>
