<html>
<body>
<pre>
<h1>µVision Build Log</h1>
<h2>Tool Versions:</h2>
IDE-Version: µVision V5.14.0.0
Copyright (C) 2015 ARM Ltd and ARM Germany GmbH. All rights reserved.
License Information: Tyler Holmes, University of Saint Thomas, LIC=V8556-DKRRP-PFWIX-H8F0P-3FT8P-IDIZI
 
Tool Versions:
Toolchain:       MDK-ARM Professional  Version: 5.14.0.0
Toolchain Path:  C:\Keil_v5\ARM\ARMCC\Bin
C Compiler:      Armcc.exe V5.05 update 1 (build 106)
Assembler:       Armasm.exe V5.05 update 1 (build 106)
Linker/Locator:  ArmLink.exe V5.05 update 1 (build 106)
Library Manager: ArmAr.exe V5.05 update 1 (build 106)
Hex Converter:   FromElf.exe V5.05 update 1 (build 106)
CPU DLL:         SARMCM3.DLL V5.14.0.0
Dialog DLL:      DLM.DLL V1.24.0.0
Target DLL:      UL2CM3.DLL V1.155.0.0
Dialog DLL:      DLM.DLL V1.24.0.0
 
<h2>Project:</h2>
C:\Users\Tyler\Desktop\Pixy_Fork\pixy\src\device\video\video.uvproj
Project File Date:  05/03/2015

<h2>Output:</h2>
Build Project 'video' - Target 'Flash'
compiling edgedetect.cpp...
C:\Users\Tyler\Desktop\Pixy_Fork\pixy\src\device\video\edgedetect.cpp(346): warning:  #177-D: variable "rxbuf" was declared but never referenced
                                        uint8_t rxbuf = sendPositions[i+1] >> 1;
C:\Users\Tyler\Desktop\Pixy_Fork\pixy\src\device\video\edgedetect.cpp(439): warning:  #111-D: statement is unreachable
                        led_setRGB(0, 0, 0);    // Purple LED
edgedetect.cpp: 2 warnings, 0 errors
linking...
Program Size: Code=80350 RO-data=21330 RW-data=448 ZI-data=30768  
FromELF: creating hex file...
".\spifi\pixy_firmware.axf" - 0 Error(s), 2 Warning(s).
</pre>
</body>
</html>
